Microchip MPLAB XC8 Compiler V2.46

Linker command line:

-W-3 \
  --edf=C:\Program Files\Microchip\xc8\v2.46\pic\dat\20240104201356_en.msgs \
  -cn -h+dist/default/production\CAR_BLACK_BOX.X.production.sym \
  --cmf=dist/default/production\CAR_BLACK_BOX.X.production.cmf -z -Q16F877A \
  -oC:\Users\srini\AppData\Local\Temp\xcAs8ns.\driver_tmp_3.o \
  --defsym=__MPLAB_BUILD=1 --fixupoverflow=error \
  -Mdist/default/production/CAR_BLACK_BOX.X.production.map \
  --md=C:\Users\srini\AppData\Local\Temp\xcAs8ns.\driver_tmp_0.dat -E1 \
  -ver=XC8 Compiler --acfsm=1493 -AHEAP=0110h-016Fh -pheap=HEAP \
  -ACODE=00h-07FFhx4 -ASTRCODE=00h-01FFFh -ASTRING=00h-0FFhx32 \
  -ACONST=00h-0FFhx32 -AENTRY=00h-0FFhx32 -ACOMMON=070h-07Fh \
  -ABANK0=020h-06Fh -ABANK1=0A0h-0EFh -ABANK2=0110h-016Fh \
  -ABANK3=0190h-01EFh -ARAM=020h-06Fh,0A0h-0EFh,0110h-016Fh,0190h-01EFh \
  -AABS1=020h-07Fh,0A0h-0EFh,0110h-016Fh,0190h-01EFh -ASFR0=00h-01Fh \
  -ASFR1=080h-09Fh -ASFR2=0100h-010Fh -ASFR3=0180h-018Fh \
  -ACONFIG=02007h-02007h -DCONFIG=2 -AIDLOC=02000h-02003h -DIDLOC=2 \
  -AEEDATA=00h-0FFh/02100h -peeprom_data=EEDATA -DEEDATA=2 -DCODE=2 \
  -DSTRCODE=2 -DSTRING=2 -DCONST=2 -DENTRY=2 \
  -preset_vec=00h,intentry=04h,sivt,init,end_init -ppowerup=CODE \
  -pcinit=CODE -pfunctab=ENTRY -k \
  C:\Users\srini\AppData\Local\Temp\xcAs8ns.\driver_tmp_12.o \
  dist/default/production\CAR_BLACK_BOX.X.production.o 

Object code version is 3.11

Machine type is 16F877A



                Name                               Link     Load   Length Selector   Space Scale
C:\Users\srini\AppData\Local\Temp\xcAs8ns.\driver_tmp_12.o
                heap                                110      110       60      110       7
                end_init                              C        C        3        8       0
                reset_vec                             0        0        3        0       0
                config                             2007     2007        1        0       4
dist/default/production\CAR_BLACK_BOX.X.production.o
                cinit                                 F        F       2F        8       0
                intentry                              4        4        8        8       0
                config                             2007     2007        1        0       4
                text53                             11E0     11E0       47     23C0       0
                text52                             119A     119A       46     2334       0
                text51                             1E30     1E30       20     3C60       0
                text50                              801      801       2F     1002       0
                text49                             1DAD     1DAD       15     3B5A       0
                text48                             1D64     1D64       11     3AC8       0
                text47                             1D57     1D57        D     3AAE       0
                text46                             1E50     1E50       21     3CA0       0
                text45                             1D19     1D19        9     3A32       0
                text44                             1D22     1D22        9     3A44       0
                text43                             1D2B     1D2B        B     3A56       0
                text42                             1D36     1D36        B     3A6C       0
                text41                             1EE0     1EE0       2B     3DC0       0
                text40                             1DF4     1DF4       1E     3BE8       0
                text39                             1F36     1F36       2D     3E6C       0
                text38                             1274     1274       50     24E8       0
                text37                              334      334      282        8       0
                text36                             1DC2     1DC2       15     3B84       0
                text35                             1472     1472       5A     28E4       0
                text34                              799      799       67        8       0
                text33                             1419     1419       59     2832       0
                text32                             1F0B     1F0B       2B     3E16       0
                text31                             152D     152D       63     2A5A       0
                text30                             1315     1315       56     262A       0
                text29                             136B     136B       57     26D6       0
                text28                             1634     1634       E2     2C68       0
                text27                              898      898       EF     1130       0
                text26                             1227     1227       4D     244E       0
                text25                              ACF      ACF      186     159E       0
                text24                             1716     1716       EA     2E2C       0
                text23                             12C4     12C4       51     2588       0
                text22                             1D41     1D41        B     3A82       0
                text21                             1E94     1E94       26     3D28       0
                text20                              5B6      5B6      1E3        8       0
                text19                             1D0A     1D0A        7     3A14       0
                text18                             13C2     13C2       57     2784       0
                text17                             1D4C     1D4C        B     3A98       0
                text16                             1D04     1D04        6     3A08       0
                text15                             1E12     1E12       1E     3C24       0
                text14                             1D87     1D87       13     3B0E       0
                text13                              830      830       68     1060       0
                text12                             1F94     1F94       32     3F28       0
                text11                             118D     118D        D     231A       0
                text10                             1F63     1F63       31     3EC6       0
                text9                              1FC6     1FC6       3A     3F8C       0
                text8                              1EBA     1EBA       26     3D74       0
                text7                              14CC     14CC       61     2998       0
                text6                               C55      C55      1CF     18AA       0
                text5                              1D75     1D75       12     3AEA       0
                text4                              1590     1590       A4     2B20       0
                text3                               E24      E24      1DC     1C48       0
                text2                              1E71     1E71       23     3CE2       0
                text1                               987      987      148     130E       0
                maintext                             3E       3E      2F6        8       0
                cstackBANK0                          20       20       2A       20       1
                cstackCOMMON                         70       70        A       70       1
                cstackBANK3                         190      190       14      190       1
                clrtext                            1D11     1D11        8     3A22       0
                inittext                           1D9A     1D9A       13     3B34       0
                dataBANK1                            D0       D0       1D       A0       1
                bssBANK1                             A0       A0       30       A0       1
                dataBANK0                            5D       5D        1       20       1
                bssBANK0                             4A       4A       13       20       1
                dataCOMMON                           7B       7B        1       70       1
                bssCOMMON                            7A       7A        1       70       1
                stringtext                         1000     1000      18A       20       0
                strings                            1800     1800       12     3000       0
                idataBANK1                         1DD7     1DD7       1D     3BAE       0
                idataBANK0                          800      800        1        8       0
                idataCOMMON                           3        3        1        0       0

TOTAL           Name                               Link     Load   Length     Space
        CLASS   HEAP           
                heap                                110      110       60         7

        CLASS   CODE           
                end_init                              C        C        3         0
                cinit                                 F        F       2F         0
                intentry                              4        4        8         0
                reset_vec                             0        0        3         0
                text53                             11E0     11E0       47         0
                text52                             119A     119A       46         0
                text51                             1E30     1E30       20         0
                text50                              801      801       2F         0
                text49                             1DAD     1DAD       15         0
                text48                             1D64     1D64       11         0
                text47                             1D57     1D57        D         0
                text46                             1E50     1E50       21         0
                text45                             1D19     1D19        9         0
                text44                             1D22     1D22        9         0
                text43                             1D2B     1D2B        B         0
                text42                             1D36     1D36        B         0
                text41                             1EE0     1EE0       2B         0
                text40                             1DF4     1DF4       1E         0
                text39                             1F36     1F36       2D         0
                text38                             1274     1274       50         0
                text37                              334      334      282         0
                text36                             1DC2     1DC2       15         0
                text35                             1472     1472       5A         0
                text34                              799      799       67         0
                text33                             1419     1419       59         0
                text32                             1F0B     1F0B       2B         0
                text31                             152D     152D       63         0
                text30                             1315     1315       56         0
                text29                             136B     136B       57         0
                text28                             1634     1634       E2         0
                text27                              898      898       EF         0
                text26                             1227     1227       4D         0
                text25                              ACF      ACF      186         0
                text24                             1716     1716       EA         0
                text23                             12C4     12C4       51         0
                text22                             1D41     1D41        B         0
                text21                             1E94     1E94       26         0
                text20                              5B6      5B6      1E3         0
                text19                             1D0A     1D0A        7         0
                text18                             13C2     13C2       57         0
                text17                             1D4C     1D4C        B         0
                text16                             1D04     1D04        6         0
                text15                             1E12     1E12       1E         0
                text14                             1D87     1D87       13         0
                text13                              830      830       68         0
                text12                             1F94     1F94       32         0
                text11                             118D     118D        D         0
                text10                             1F63     1F63       31         0
                text9                              1FC6     1FC6       3A         0
                text8                              1EBA     1EBA       26         0
                text7                              14CC     14CC       61         0
                text6                               C55      C55      1CF         0
                text5                              1D75     1D75       12         0
                text4                              1590     1590       A4         0
                text3                               E24      E24      1DC         0
                text2                              1E71     1E71       23         0
                text1                               987      987      148         0
                maintext                             3E       3E      2F6         0
                clrtext                            1D11     1D11        8         0
                inittext                           1D9A     1D9A       13         0
                idataBANK1                         1DD7     1DD7       1D         0
                idataBANK0                          800      800        1         0
                idataCOMMON                           3        3        1         0

        CLASS   STRCODE        
                stringtext                         1000     1000      18A         0

        CLASS   STRING         
                strings                            1800     1800       12         0

        CLASS   CONST          

        CLASS   ENTRY          

        CLASS   COMMON         
                cstackCOMMON                         70       70        A         1
                dataCOMMON                           7B       7B        1         1
                bssCOMMON                            7A       7A        1         1

        CLASS   BANK0          
                cstackBANK0                          20       20       2A         1
                dataBANK0                            5D       5D        1         1
                bssBANK0                             4A       4A       13         1

        CLASS   BANK1          
                dataBANK1                            D0       D0       1D         1
                bssBANK1                             A0       A0       30         1

        CLASS   BANK2          

        CLASS   BANK3          
                cstackBANK3                         190      190       14         1

        CLASS   RAM            

        CLASS   ABS1           
                abs_s1                               7E       7E        2         1

        CLASS   SFR0           

        CLASS   SFR1           

        CLASS   SFR2           

        CLASS   SFR3           

        CLASS   CONFIG         
                config                             2007     2007        1         4

        CLASS   IDLOC          

        CLASS   EEDATA         

        CLASS   STACK          



SEGMENTS        Name                           Load    Length   Top    Selector   Space  Class     Delta

                reset_vec                      000000  000004  000004         0       0  CODE        2
                intentry                       000004  0007FD  000801         8       0  CODE        2
                cstackBANK0                    000020  00003E  00005E        20       1  BANK0       1
                cstackCOMMON                   000070  00000C  00007C        70       1  COMMON      1
                bssBANK1                       0000A0  00004D  0000ED        A0       1  BANK1       1
                heap                           000110  000060  000170       110       7  HEAP        1
                cstackBANK3                    000190  000014  0001A4       190       1  BANK3       1
                text50                         000801  00002F  000830      1002       0  CODE        2
                text13                         000830  000068  000898      1060       0  CODE        2
                text27                         000898  0000EF  000987      1130       0  CODE        2
                text1                          000987  000148  000ACF      130E       0  CODE        2
                text25                         000ACF  000186  000C55      159E       0  CODE        2
                text6                          000C55  0001CF  000E24      18AA       0  CODE        2
                text3                          000E24  0001DC  001000      1C48       0  CODE        2
                stringtext                     001000  00018A  00118A        20       0  STRCODE     2
                text11                         00118D  00000D  00119A      231A       0  CODE        2
                text52                         00119A  000046  0011E0      2334       0  CODE        2
                text53                         0011E0  000047  001227      23C0       0  CODE        2
                text26                         001227  00004D  001274      244E       0  CODE        2
                text38                         001274  000050  0012C4      24E8       0  CODE        2
                text23                         0012C4  000051  001315      2588       0  CODE        2
                text30                         001315  000056  00136B      262A       0  CODE        2
                text29                         00136B  000057  0013C2      26D6       0  CODE        2
                text18                         0013C2  000057  001419      2784       0  CODE        2
                text33                         001419  000059  001472      2832       0  CODE        2
                text35                         001472  00005A  0014CC      28E4       0  CODE        2
                text7                          0014CC  000061  00152D      2998       0  CODE        2
                text31                         00152D  000063  001590      2A5A       0  CODE        2
                text4                          001590  0000A4  001634      2B20       0  CODE        2
                text28                         001634  0000E2  001716      2C68       0  CODE        2
                text24                         001716  0000EA  001800      2E2C       0  CODE        2
                strings                        001800  000012  001812      3000       0  STRING      2
                text16                         001D04  000006  001D0A      3A08       0  CODE        2
                text19                         001D0A  000007  001D11      3A14       0  CODE        2
                clrtext                        001D11  000008  001D19      3A22       0  CODE        2
                text45                         001D19  000009  001D22      3A32       0  CODE        2
                text44                         001D22  000009  001D2B      3A44       0  CODE        2
                text43                         001D2B  00000B  001D36      3A56       0  CODE        2
                text42                         001D36  00000B  001D41      3A6C       0  CODE        2
                text22                         001D41  00000B  001D4C      3A82       0  CODE        2
                text17                         001D4C  00000B  001D57      3A98       0  CODE        2
                text47                         001D57  00000D  001D64      3AAE       0  CODE        2
                text48                         001D64  000011  001D75      3AC8       0  CODE        2
                text5                          001D75  000012  001D87      3AEA       0  CODE        2
                text14                         001D87  000013  001D9A      3B0E       0  CODE        2
                inittext                       001D9A  000013  001DAD      3B34       0  CODE        2
                text49                         001DAD  000015  001DC2      3B5A       0  CODE        2
                text36                         001DC2  000015  001DD7      3B84       0  CODE        2
                idataBANK1                     001DD7  00001D  001DF4      3BAE       0  CODE        2
                text40                         001DF4  00001E  001E12      3BE8       0  CODE        2
                text15                         001E12  00001E  001E30      3C24       0  CODE        2
                text51                         001E30  000020  001E50      3C60       0  CODE        2
                text46                         001E50  000021  001E71      3CA0       0  CODE        2
                text2                          001E71  000023  001E94      3CE2       0  CODE        2
                text21                         001E94  000026  001EBA      3D28       0  CODE        2
                text8                          001EBA  000026  001EE0      3D74       0  CODE        2
                text41                         001EE0  00002B  001F0B      3DC0       0  CODE        2
                text32                         001F0B  00002B  001F36      3E16       0  CODE        2
                text39                         001F36  00002D  001F63      3E6C       0  CODE        2
                text10                         001F63  000031  001F94      3EC6       0  CODE        2
                text12                         001F94  000032  001FC6      3F28       0  CODE        2
                text9                          001FC6  00003A  002000      3F8C       0  CODE        2


UNUSED ADDRESS RANGES

        Name                Unused          Largest block    Delta
        BANK0            005E-006F             12           1
        BANK1            00ED-00EF              3           1
        BANK2            0110-016F             60           1
        BANK3            01A4-01EF             4C           1
        CODE             118A-118C              3           2
                         1812-1D03            4F2
        COMMON           007C-007D              2           1
        CONST            118A-118C              3           2
                         1812-1D03            100
        EEDATA           2100-21FF            100           2
        ENTRY            118A-118C              3           2
                         1812-1D03            100
        IDLOC            2000-2003              4           2
        RAM              005E-006F             12           1
                         00ED-00EF              3
                         0110-016F             60
                         01A4-01EF             4C
        SFR0             0000-001F             20           1
        SFR1             0080-009F             20           1
        SFR2             0100-010F             10           1
        SFR3             0180-018F             10           1
        STRCODE          118A-118C              3           2
                         1812-1D03            4F2
        STRING           118A-118C              3           2
                         1812-1D03            100

                                  Symbol Table

?___awdiv                          cstackCOMMON 0072
?___awmod                          cstackCOMMON 0072
?___expand_heap                    cstackCOMMON 0070
?___lldiv                          cstackCOMMON 0072
?___lwdiv                          cstackCOMMON 0076
?___simple_search_fl               cstackCOMMON 0072
?_malloc                           cstackBANK0  002E
?_read_adc                         cstackCOMMON 0072
?_strncmp                          cstackCOMMON 0072
_ACKDT                             (abs)        048D
_ACKEN                             (abs)        048C
_ACKSTAT                           (abs)        048E
_ADFM                              (abs)        04FF
_ADON                              (abs)        00F8
_ADRESH                            (abs)        001E
_ADRESL                            (abs)        009E
_CREN                              (abs)        00C4
_GIE                               (abs)        005F
_GO                                (abs)        00FA
_PEIE                              (abs)        005E
_PEN                               (abs)        048A
_PORTB                             (abs)        0006
_PORTD                             (abs)        0008
_PR2                               (abs)        0092
_RCEN                              (abs)        048B
_RCIE                              (abs)        0465
_RE1                               (abs)        0049
_RE2                               (abs)        004A
_R_nW                              (abs)        04A2
_SEN                               (abs)        0488
_SPBRG                             (abs)        0099
_SPEN                              (abs)        00C7
_SSPADD                            (abs)        0093
_SSPBUF                            (abs)        0013
_SSPCON2                           (abs)        0091
_SSPEN                             (abs)        00A5
_SSPM3                             (abs)        00A3
_T2CKPS0                           (abs)        0090
_T2CKPS1                           (abs)        0091
_TMR2IE                            (abs)        0461
_TMR2IF                            (abs)        0061
_TMR2ON                            (abs)        0092
_TRISB                             (abs)        0086
_TRISD                             (abs)        0088
_TRISE1                            (abs)        0449
_TRISE2                            (abs)        044A
_TXIF                              (abs)        0064
_TXREG                             (abs)        0019
__H__absolute__                    __absolute__ 0000
__Habs1                            abs1         0000
__Hbank0                           bank0        0000
__Hbank1                           bank1        0000
__Hbank2                           bank2        0000
__Hbank3                           bank3        0000
__HbssBANK0                        bssBANK0     0000
__HbssBANK1                        bssBANK1     0000
__HbssCOMMON                       bssCOMMON    0000
__Hcinit                           cinit        003E
__Hclrtext                         clrtext      0000
__Hcode                            code         0000
__Hcommon                          common       0000
__Hconfig                          config       2008
__HcstackBANK0                     cstackBANK0  0000
__HcstackBANK3                     cstackBANK3  0000
__HcstackCOMMON                    cstackCOMMON 0000
__HdataBANK0                       dataBANK0    0000
__HdataBANK1                       dataBANK1    0000
__HdataCOMMON                      dataCOMMON   0000
__Heeprom_data                     eeprom_data  0000
__Hend_init                        end_init     000F
__Hfunctab                         functab      0000
__Hheap                            heap         0170
__HidataBANK0                      idataBANK0   0000
__HidataBANK1                      idataBANK1   0000
__HidataCOMMON                     idataCOMMON  0000
__Hinit                            init         000C
__Hinittext                        inittext     0000
__Hintentry                        intentry     000C
__Hmaintext                        maintext     0000
__Hpowerup                         powerup      0000
__Hram                             ram          0000
__Hreset_vec                       reset_vec    0003
__Hsfr0                            sfr0         0000
__Hsfr1                            sfr1         0000
__Hsfr2                            sfr2         0000
__Hsfr3                            sfr3         0000
__Hsivt                            sivt         000C
__Hspace_0                         (abs)        2000
__Hspace_1                         (abs)        01A4
__Hspace_2                         (abs)        0000
__Hspace_3                         (abs)        0000
__Hspace_4                         (abs)        400F
__Hstack                           stack        0000
__Hstrings                         strings      0000
__Hstringtext                      stringtext   0000
__Htext                            text         0000
__L__absolute__                    __absolute__ 0000
__Labs1                            abs1         0000
__Lbank0                           bank0        0000
__Lbank1                           bank1        0000
__Lbank2                           bank2        0000
__Lbank3                           bank3        0000
__LbssBANK0                        bssBANK0     0000
__LbssBANK1                        bssBANK1     0000
__LbssCOMMON                       bssCOMMON    0000
__Lcinit                           cinit        000F
__Lclrtext                         clrtext      0000
__Lcode                            code         0000
__Lcommon                          common       0000
__Lconfig                          config       0000
__LcstackBANK0                     cstackBANK0  0000
__LcstackBANK3                     cstackBANK3  0000
__LcstackCOMMON                    cstackCOMMON 0000
__LdataBANK0                       dataBANK0    0000
__LdataBANK1                       dataBANK1    0000
__LdataCOMMON                      dataCOMMON   0000
__Leeprom_data                     eeprom_data  0000
__Lend_init                        end_init     000C
__Lfunctab                         functab      0000
__Lheap                            heap         0110
__LidataBANK0                      idataBANK0   0000
__LidataBANK1                      idataBANK1   0000
__LidataCOMMON                     idataCOMMON  0000
__Linit                            init         000C
__Linittext                        inittext     0000
__Lintentry                        intentry     0004
__Lmaintext                        maintext     0000
__Lpowerup                         powerup      0000
__Lram                             ram          0000
__Lreset_vec                       reset_vec    0000
__Lsfr0                            sfr0         0000
__Lsfr1                            sfr1         0000
__Lsfr2                            sfr2         0000
__Lsfr3                            sfr3         0000
__Lsivt                            sivt         000C
__Lspace_0                         (abs)        0000
__Lspace_1                         (abs)        0000
__Lspace_2                         (abs)        0000
__Lspace_3                         (abs)        0000
__Lspace_4                         (abs)        0000
__Lstack                           stack        0000
__Lstrings                         strings      0000
__Lstringtext                      stringtext   0000
__Ltext                            text         0000
__S0                               (abs)        2000
__S1                               (abs)        01A4
__S3                               (abs)        0000
__S7                               (abs)        0170
___awdiv                           text34       0799
___awdiv@counter                   cstackCOMMON 0076
___awdiv@dividend                  cstackCOMMON 0074
___awdiv@divisor                   cstackCOMMON 0072
___awdiv@quotient                  cstackCOMMON 0078
___awdiv@sign                      cstackCOMMON 0077
___awmod                           text33       1419
___awmod@counter                   cstackCOMMON 0076
___awmod@dividend                  cstackCOMMON 0074
___awmod@divisor                   cstackCOMMON 0072
___awmod@sign                      cstackCOMMON 0077
___bmul                            text36       1DC2
___bmul@multiplicand               cstackCOMMON 0072
___bmul@multiplier                 cstackCOMMON 0074
___bmul@product                    cstackCOMMON 0073
___expand_heap                     text26       1227
___expand_heap@n                   cstackCOMMON 0073
___expand_heap@new_brkp            cstackCOMMON 0075
___expand_heap@pn                  cstackCOMMON 0072
___freelist                        bssBANK0     004A
___heap_hi                         heap         0170
___heap_lo                         heap         0110
___int_sp                          stack        0000
___int_stack_hi                    stack        0000
___int_stack_lo                    stack        0000
___latbits                         (abs)        0002
___lldiv                           text13       0830
___lldiv@counter                   cstackBANK0  0025
___lldiv@dividend                  cstackCOMMON 0076
___lldiv@divisor                   cstackCOMMON 0072
___lldiv@quotient                  cstackBANK0  0021
___lwdiv                           text52       119A
___lwdiv@counter                   cstackBANK0  0020
___lwdiv@dividend                  cstackCOMMON 0078
___lwdiv@divisor                   cstackCOMMON 0076
___lwdiv@quotient                  cstackBANK0  0021
___simple_search_fl                text25       0ACF
___simple_search_fl@best           cstackBANK0  002C
___simple_search_fl@best_last      cstackBANK0  0022
___simple_search_fl@c              cstackBANK0  002A
___simple_search_fl@last           cstackBANK0  0026
___simple_search_fl@n              cstackCOMMON 0072
___simple_search_fl@next           cstackBANK0  0028
___simple_search_fl@remaining_size cstackBANK0  0020
___simple_search_fl@split          cstackBANK0  0024
___sp                              stack        0000
___stack_hi                        stack        0000
___stack_lo                        stack        0000
___stackhi                         (abs)        0000
___stacklo                         (abs)        0000
__end_of___awdiv                   text34       0800
__end_of___awmod                   text33       1472
__end_of___bmul                    text36       1DD7
__end_of___expand_heap             text26       1274
__end_of___lldiv                   text13       0898
__end_of___lwdiv                   text52       11E0
__end_of___simple_search_fl        text25       0C55
__end_of__initialization           cinit        003A
__end_of__stringtab                strings      1812
__end_of_byte_write_eeprom_24c04   text40       1E12
__end_of_change_passwd             text37       05B6
__end_of_clcd_print                text50       0830
__end_of_clcd_putch                text49       1DC2
__end_of_clcd_write                text51       1E50
__end_of_clear_log                 text35       14CC
__end_of_clear_screen              text48       1D75
__end_of_display_dashboard         text29       13C2
__end_of_display_menu              text28       1716
__end_of_display_time              text30       136B
__end_of_download_log              text20       0799
__end_of_free                      text27       0987
__end_of_get_time                  text31       1590
__end_of_i2c_read                  text46       1E71
__end_of_i2c_rep_start             text43       1D36
__end_of_i2c_start                 text45       1D22
__end_of_i2c_stop                  text44       1D2B
__end_of_i2c_wait_for_idle         text47       1D64
__end_of_i2c_write                 text42       1D41
__end_of_init_adc                  text19       1D11
__end_of_init_clcd                 text17       1D57
__end_of_init_config               text9        2000
__end_of_init_digital_keypad       text16       1D0A
__end_of_init_display_controller   text18       1419
__end_of_init_ds1307               text14       1D9A
__end_of_init_i2c                  text12       1FC6
__end_of_init_timer2               text11       119A
__end_of_init_uart                 text10       1F94
__end_of_isr                       text53       1227
__end_of_log_car_event             text8        1EE0
__end_of_log_event                 text7        152D
__end_of_login                     text6        0E24
__end_of_main                      maintext     0334
__end_of_malloc                    text24       1800
__end_of_read_adc                  text5        1D87
__end_of_read_digital_keypad       text4        1634
__end_of_read_ds1307               text32       1F36
__end_of_read_eeprom_24c04         text41       1F0B
__end_of_set_time                  text3        1000
__end_of_str_write_eeprom_24c04    text39       1F63
__end_of_strcpy                    text2        1E94
__end_of_strncmp                   text38       12C4
__end_of_strncpy                   text23       1315
__end_of_uart_send_char            text22       1D4C
__end_of_uart_send_str             text21       1EBA
__end_of_view_log                  text1        0ACF
__end_of_write_ds1307              text15       1E30
__initialization                   cinit        000F
__pbssBANK0                        bssBANK0     004A
__pbssBANK1                        bssBANK1     00A0
__pbssCOMMON                       bssCOMMON    007A
__pcstackBANK0                     cstackBANK0  0020
__pcstackBANK3                     cstackBANK3  0190
__pcstackCOMMON                    cstackCOMMON 0070
__pdataBANK0                       dataBANK0    005D
__pdataBANK1                       dataBANK1    00D0
__pdataCOMMON                      dataCOMMON   007B
__pidataBANK0                      idataBANK0   0800
__pidataBANK1                      idataBANK1   1DD7
__pidataCOMMON                     idataCOMMON  0003
__pintentry                        intentry     0004
__pmaintext                        maintext     003E
__pstrings                         strings      1800
__pstringtext                      stringtext   1000
__ptext1                           text1        0987
__ptext10                          text10       1F63
__ptext11                          text11       118D
__ptext12                          text12       1F94
__ptext13                          text13       0830
__ptext14                          text14       1D87
__ptext15                          text15       1E12
__ptext16                          text16       1D04
__ptext17                          text17       1D4C
__ptext18                          text18       13C2
__ptext19                          text19       1D0A
__ptext2                           text2        1E71
__ptext20                          text20       05B6
__ptext21                          text21       1E94
__ptext22                          text22       1D41
__ptext23                          text23       12C4
__ptext24                          text24       1716
__ptext25                          text25       0ACF
__ptext26                          text26       1227
__ptext27                          text27       0898
__ptext28                          text28       1634
__ptext29                          text29       136B
__ptext3                           text3        0E24
__ptext30                          text30       1315
__ptext31                          text31       152D
__ptext32                          text32       1F0B
__ptext33                          text33       1419
__ptext34                          text34       0799
__ptext35                          text35       1472
__ptext36                          text36       1DC2
__ptext37                          text37       0334
__ptext38                          text38       1274
__ptext39                          text39       1F36
__ptext4                           text4        1590
__ptext40                          text40       1DF4
__ptext41                          text41       1EE0
__ptext42                          text42       1D36
__ptext43                          text43       1D2B
__ptext44                          text44       1D22
__ptext45                          text45       1D19
__ptext46                          text46       1E50
__ptext47                          text47       1D57
__ptext48                          text48       1D64
__ptext49                          text49       1DAD
__ptext5                           text5        1D75
__ptext50                          text50       0801
__ptext51                          text51       1E30
__ptext52                          text52       119A
__ptext53                          text53       11E0
__ptext6                           text6        0C55
__ptext7                           text7        14CC
__ptext8                           text8        1EBA
__ptext9                           text9        1FC6
__stringbase                       strings      1812
__stringtab                        strings      1800
_brkp                              bssBANK1     00A7
_byte_write_eeprom_24c04           text40       1DF4
_change_passwd                     text37       0334
_clcd_print                        text50       0801
_clcd_putch                        text49       1DAD
_clcd_write                        text51       1E30
_clear_log                         text35       1472
_clear_screen                      text48       1D64
_clock_reg                         bssBANK1     00A4
_display_dashboard                 text29       136B
_display_menu                      text28       1634
_display_time                      text30       1315
_download_log                      text20       05B6
_errno                             bssBANK1     00AD
_free                              text27       0898
_get_time                          text31       152D
_i2c_read                          text46       1E50
_i2c_rep_start                     text43       1D2B
_i2c_start                         text45       1D19
_i2c_stop                          text44       1D22
_i2c_wait_for_idle                 text47       1D57
_i2c_write                         text42       1D36
_init_adc                          text19       1D0A
_init_clcd                         text17       1D4C
_init_config                       text9        1FC6
_init_digital_keypad               text16       1D04
_init_display_controller           text18       13C2
_init_ds1307                       text14       1D87
_init_i2c                          text12       1F94
_init_timer2                       text11       118D
_init_uart                         text10       1F63
_isr                               text53       11E0
_log                               bssBANK1     00B5
_log_car_event                     text8        1EBA
_log_event                         text7        14CC
_login                             text6        0C55
_main                              maintext     003E
_malloc                            text24       1716
_menu                              dataBANK1    00DC
_min                               bssBANK0     004C
_nDONE                             (abs)        00FA
_pos                               dataBANK1    00E9
_read_adc                          text5        1D75
_read_digital_keypad               text4        1590
_read_ds1307                       text32       1F0B
_read_eeprom_24c04                 text41       1EE0
_return_time                       bssBANK0     0055
_sec                               bssBANK0     004E
_set_time                          text3        0E24
_str_write_eeprom_24c04            text39       1F36
_strcpy                            text2        1E71
_strncmp                           text38       1274
_strncpy                           text23       12C4
_time                              bssBANK0     0056
_uart_send_char                    text22       1D41
_uart_send_str                     text21       1E94
_view_log                          text1        0987
_write_ds1307                      text15       1E12
btemp                              (abs)        007E
byte_write_eeprom_24c04@addr       cstackCOMMON 0074
byte_write_eeprom_24c04@data       cstackCOMMON 0073
change_passwd@i                    bssBANK0     0052
change_passwd@j                    cstackBANK0  002A
change_passwd@key                  cstackBANK0  002B
change_passwd@n                    bssBANK0     0051
change_passwd@newpasswd            bssBANK1     00C4
change_passwd@once                 dataBANK0    005D
change_passwd@once0                dataBANK1    00EC
change_passwd@r                    bssBANK0     0050
change_passwd@re_enter             bssBANK1     00C0
change_passwd@reset_flag           cstackBANK0  0022
change_passwd@spasswd              cstackBANK0  0026
change_passwd@upasswd              bssBANK1     00C8
clcd_print@addr                    cstackCOMMON 0078
clcd_print@str                     cstackCOMMON 0076
clcd_putch@addr                    cstackBANK0  0020
clcd_putch@data                    cstackBANK0  0021
clcd_write@byte                    cstackCOMMON 0075
clcd_write@mode                    cstackCOMMON 0072
clear_log@addr                     cstackBANK0  0023
clear_log@i                        cstackBANK0  0024
clear_log@j                        cstackBANK0  0025
clear_ram0                         clrtext      1D11
display_dashboard@event            cstackBANK0  0025
display_dashboard@speed            cstackBANK0  0022
display_menu@key                   cstackBANK0  0025
display_menu@menu_pos              bssBANK0     0053
display_menu@reset_flag            cstackBANK0  0022
download_log@addr                  cstackBANK0  003F
download_log@download_log          cstackBANK0  0042
download_log@i                     cstackBANK0  0040
download_log@j                     cstackBANK0  0041
download_log@logs                  cstackBANK0  0044
end_of_initialization              cinit        003A
free@c                             cstackBANK0  0022
free@cptr                          cstackBANK0  0020
free@ptr                           cstackCOMMON 0072
i2c_read@ack                       cstackCOMMON 0072
i2c_read@data                      cstackCOMMON 0073
i2c_write@data                     cstackCOMMON 0072
init_ds1307@dummy                  cstackCOMMON 0076
init_fetch0                        inittext     1D9A
init_i2c@baud                      cstackBANK0  0026
init_ram0                          inittext     1D9E
init_uart@baud                     cstackBANK0  0026
interrupt_function                 intentry     0004
intlevel0                          functab      0000
intlevel1                          functab      0000
intlevel2                          functab      0000
intlevel3                          functab      0000
intlevel4                          functab      0000
intlevel5                          functab      0000
isr@count                          bssBANK1     00AF
log_car_event@addr                 cstackCOMMON 0078
log_event@event                    cstackBANK0  0027
log_event@speed                    cstackBANK0  0024
login@attempt_left                 cstackBANK0  002B
login@i                            bssBANK0     0054
login@j                            cstackBANK0  002C
login@key                          cstackBANK0  002A
login@reset_flag                   cstackBANK0  0022
login@spasswd                      cstackBANK0  0026
login@upasswd                      bssBANK1     00CC
main@F1244                         dataBANK1    00E6
main@F1250                         dataBANK1    00D0
main@control_flag                  cstackBANK3  01A2
main@event                         cstackBANK3  019C
main@gear                          cstackBANK3  0190
main@gr                            cstackBANK3  019F
main@key                           cstackBANK3  01A3
main@reset_flag                    cstackBANK3  01A1
main@speed                         cstackBANK3  01A0
malloc@cur                         bssBANK1     00AB
malloc@end                         bssBANK1     00A9
malloc@lock                        bssBANK1     00A0
malloc@m                           cstackBANK0  0032
malloc@n                           cstackBANK0  002E
malloc@new                         cstackBANK0  003A
malloc@p                           cstackBANK0  0038
malloc@size                        cstackBANK0  0036
malloc@sz                          cstackBANK0  0034
read_adc@adc_reg_val               cstackCOMMON 0074
read_digital_keypad@delay          bssBANK1     00B3
read_digital_keypad@delay1         bssBANK1     00B1
read_digital_keypad@mode           cstackCOMMON 0073
read_digital_keypad@once           dataBANK1    00EB
read_ds1307@addr                   cstackCOMMON 0074
read_ds1307@data                   cstackCOMMON 0075
read_eeprom_24c04@addr             cstackCOMMON 0074
read_eeprom_24c04@data             cstackCOMMON 0075
reset_vec                          reset_vec    0000
saved_w                            (abs)        007E
set_time@i                         dataCOMMON   007B
set_time@key                       cstackBANK0  0023
start                              init         000C
start_initialization               cinit        000F
str_write_eeprom_24c04@addr        cstackCOMMON 0077
str_write_eeprom_24c04@data        cstackCOMMON 0075
strcpy@d                           cstackCOMMON 0076
strcpy@dest                        cstackCOMMON 0077
strcpy@src                         cstackCOMMON 0072
strncmp@l                          cstackCOMMON 0077
strncmp@n                          cstackCOMMON 0073
strncmp@r                          cstackCOMMON 0072
strncpy@cp                         cstackCOMMON 0078
strncpy@d                          cstackCOMMON 0072
strncpy@n                          cstackCOMMON 0076
strncpy@s                          cstackCOMMON 0074
uart_send_char@data                cstackCOMMON 0072
uart_send_str@s                    cstackCOMMON 0073
view_log@key                       cstackBANK0  0024
view_log@log_no                    bssCOMMON    007A
write_ds1307@addr                  cstackCOMMON 0074
write_ds1307@data                  cstackCOMMON 0073
wtemp0                             (abs)        007E


MODULE INFORMATION

Module		Function		Class		Link	Load	Size
timers.c
		_init_timer2   		CODE           	118D	0000	13

timers.c estimated size: 13

digital_keypad.c
		_init_digital_keypad		CODE           	1D04	0000	6
		_read_digital_keypad		CODE           	1590	0000	164

digital_keypad.c estimated size: 170

uart.c
		_init_uart     		CODE           	1F63	0000	49
		_uart_send_str 		CODE           	1E94	0000	38
		_uart_send_char		CODE           	1D41	0000	11

uart.c estimated size: 98

C:\Program Files\Microchip\xc8\v2.46\pic\sources\c99\common\lwdiv.c
		___lwdiv       		CODE           	119A	0000	70

C:\Program Files\Microchip\xc8\v2.46\pic\sources\c99\common\lwdiv.c estimated size: 70

C:\Program Files\Microchip\xc8\v2.46\pic\sources\c99\common\awdiv.c
		___awdiv       		CODE           	0799	0000	103

C:\Program Files\Microchip\xc8\v2.46\pic\sources\c99\common\awdiv.c estimated size: 103

C:\Program Files\Microchip\xc8\v2.46\pic\sources\c99\common\lite_free.c
		___simple_search_fl		CODE           	0ACF	0000	390
		_free          		CODE           	0898	0000	239

C:\Program Files\Microchip\xc8\v2.46\pic\sources\c99\common\lite_free.c estimated size: 629

i2c.c
		_i2c_start     		CODE           	1D19	0000	9
		_i2c_rep_start 		CODE           	1D2B	0000	11
		_i2c_write     		CODE           	1D36	0000	11
		_i2c_stop      		CODE           	1D22	0000	9
		_i2c_read      		CODE           	1E50	0000	33
		_init_i2c      		CODE           	1F94	0000	50
		_i2c_wait_for_idle		CODE           	1D57	0000	13

i2c.c estimated size: 136

C:\Program Files\Microchip\xc8\v2.46\pic\sources\c99\common\Umul8.c
		___bmul        		CODE           	1DC2	0000	21

C:\Program Files\Microchip\xc8\v2.46\pic\sources\c99\common\Umul8.c estimated size: 21

C:\Program Files\Microchip\xc8\v2.46\pic\sources\c99\common\strncmp.c
		_strncmp       		CODE           	1274	0000	80

C:\Program Files\Microchip\xc8\v2.46\pic\sources\c99\common\strncmp.c estimated size: 80

C:\Program Files\Microchip\xc8\v2.46\pic\sources\c99\common\strncpy.c
		_strncpy       		CODE           	12C4	0000	81

C:\Program Files\Microchip\xc8\v2.46\pic\sources\c99\common\strncpy.c estimated size: 81

C:\Program Files\Microchip\xc8\v2.46\pic\sources\c99\common\strcpy.c
		_strcpy        		CODE           	1E71	0000	35

C:\Program Files\Microchip\xc8\v2.46\pic\sources\c99\common\strcpy.c estimated size: 35

ds1307.c
		_read_ds1307   		CODE           	1F0B	0000	43
		_write_ds1307  		CODE           	1E12	0000	30
		_init_ds1307   		CODE           	1D87	0000	19

ds1307.c estimated size: 92

C:\Program Files\Microchip\xc8\v2.46\pic\sources\c99\common\expand_heap.c
		___expand_heap 		CODE           	1227	0000	77

C:\Program Files\Microchip\xc8\v2.46\pic\sources\c99\common\expand_heap.c estimated size: 77

adc.c
		_init_adc      		CODE           	1D0A	0000	7
		_read_adc      		CODE           	1D75	0000	18

adc.c estimated size: 25

eeprom_24c04.c
		_read_eeprom_24c04		CODE           	1EE0	0000	43
		_byte_write_eeprom_24c04		CODE           	1DF4	0000	30
		_str_write_eeprom_24c04		CODE           	1F36	0000	45

eeprom_24c04.c estimated size: 118

isr.c
		_isr           		CODE           	11E0	0000	71

isr.c estimated size: 71

shared
		__stringtab    		STRING         	1800	0000	18
		__initialization		CODE           	000F	0000	43

shared estimated size: 61

C:\Program Files\Microchip\xc8\v2.46\pic\sources\c99\common\__lldiv.c
		___lldiv       		CODE           	0830	0000	104

C:\Program Files\Microchip\xc8\v2.46\pic\sources\c99\common\__lldiv.c estimated size: 104

clcd.c
		_clcd_write    		CODE           	1E30	0000	32
		_clcd_print    		CODE           	0801	0000	47
		_clcd_putch    		CODE           	1DAD	0000	21
		_init_display_controller		CODE           	13C2	0000	87
		_init_clcd     		CODE           	1D4C	0000	11

clcd.c estimated size: 198

car_black_box_def.c
		_view_log      		CODE           	0987	0000	328
		_log_car_event 		CODE           	1EBA	0000	38
		_display_time  		CODE           	1315	0000	86
		_display_menu  		CODE           	1634	0000	226
		_display_dashboard		CODE           	136B	0000	87
		_get_time      		CODE           	152D	0000	99
		_clear_screen  		CODE           	1D64	0000	17
		_download_log  		CODE           	05B6	0000	483
		_log_event     		CODE           	14CC	0000	97
		_set_time      		CODE           	0E24	0000	476
		_clear_log     		CODE           	1472	0000	90
		_change_passwd 		CODE           	0334	0000	642
		_login         		CODE           	0C55	0000	463

car_black_box_def.c estimated size: 3132

C:\Program Files\Microchip\xc8\v2.46\pic\sources\c99\common\awmod.c
		___awmod       		CODE           	1419	0000	89

C:\Program Files\Microchip\xc8\v2.46\pic\sources\c99\common\awmod.c estimated size: 89

C:\Program Files\Microchip\xc8\v2.46\pic\sources\c99\common\lite_malloc.c
		_malloc        		CODE           	1716	0000	234

C:\Program Files\Microchip\xc8\v2.46\pic\sources\c99\common\lite_malloc.c estimated size: 234

main.c
		_main          		CODE           	003E	0000	758
		_init_config   		CODE           	1FC6	0000	58

main.c estimated size: 816

